    2026/07/12 21:20:32 [error] 2833983#2833983: *49970 directory index of "/var/www/html/House-Look-Book/js/" is forbidden, client: 101.47.9.217, server: look.myhousesetup.com, request: "HEAD /js/ HTTP/1.1", host: "143.198.212.195"
    2026/07/12 21:20:34 [error] 2833983#2833983: *50015 "/var/www/html/assets/js/index.html" is not found (2: No such file or directory), client: 101.47.9.217, server: look.myhousesetup.com, request: "HEAD /assets/js/ HTTP/1.1", host: "143.198.212.195"
    2026/07/12 21:20:35 [error] 2833983#2833983: *50022 open() "/var/www/html/assets/js" failed (2: No such file or directory), client: 101.47.9.217, server: look.myhousesetup.com, request: "HEAD /assets/js HTTP/1.1", host: "143.198.212.195"
[2026-07-17T18:05:32] [SNAPSHOT] nginx error.log tail -20:
    2026/07/17 10:35:27 [error] 3307087#3307087: *57876 open() "/var/www/html/shared/.env.prod" failed (2: No such file or directory), client: 81.17.28.130, server: look.myhousesetup.com, request: "GET /shared/.env.prod HTTP/1.1", host: "143.198.212.195"
    2026/07/17 10:35:28 [error] 3307087#3307087: *57876 open() "/var/www/html/shared/.env.development" failed (2: No such file or directory), client: 81.17.28.130, server: look.myhousesetup.com, request: "GET /shared/.env.development HTTP/1.1", host: "143.198.212.195"
    2026/07/17 10:35:28 [error] 3307087#3307087: *57876 open() "/var/www/html/shared/.env.dev" failed (2: No such file or directory), client: 81.17.28.130, server: look.myhousesetup.com, request: "GET /shared/.env.dev HTTP/1.1", host: "143.198.212.195"
    2026/07/17 10:35:28 [error] 3307087#3307087: *57876 open() "/var/www/html/shared/.env.staging" failed (2: No such file or directory), client: 81.17.28.130, server: look.myhousesetup.com, request: "GET /shared/.env.staging HTTP/1.1", host: "143.198.212.195"
    2026/07/17 10:35:28 [error] 3307087#3307087: *57876 open() "/var/www/html/shared/.env.stage" failed (2: No such file or directory), client: 81.17.28.130, server: look.myhousesetup.com, request: "GET /shared/.env.stage HTTP/1.1", host: "143.198.212.195"
    2026/07/17 10:35:28 [error] 3307087#3307087: *57876 open() "/var/www/html/shared/.env.test" failed (2: No such file or directory), client: 81.17.28.130, server: look.myhousesetup.com, request: "GET /shared/.env.test HTTP/1.1", host: "143.198.212.195"
    2026/07/17 10:35:28 [error] 3307087#3307087: *57876 open() "/var/www/html/shared/.env.uat" failed (2: No such file or directory), client: 81.17.28.130, server: look.myhousesetup.com, request: "GET /shared/.env.uat HTTP/1.1", host: "143.198.212.195"
    2026/07/17 10:35:28 [error] 3307087#3307087: *57876 open() "/var/www/html/shared/.env.qa" failed (2: No such file or directory), client: 81.17.28.130, server: look.myhousesetup.com, request: "GET /shared/.env.qa HTTP/1.1", host: "143.198.212.195"
    2026/07/17 10:35:29 [error] 3307087#3307087: *57876 open() "/var/www/html/shared/.env.preprod" failed (2: No such file or directory), client: 81.17.28.130, server: look.myhousesetup.com, request: "GET /shared/.env.preprod HTTP/1.1", host: "143.198.212.195"
    2026/07/17 10:35:29 [error] 3307087#3307087: *57876 open() "/var/www/html/shared/.env.live" failed (2: No such file or directory), client: 81.17.28.130, server: look.myhousesetup.com, request: "GET /shared/.env.live HTTP/1.1", host: "143.198.212.195"
    2026/07/17 10:35:29 [error] 3307087#3307087: *57876 open() "/var/www/html/shared/.env.example" failed (2: No such file or directory), client: 81.17.28.130, server: look.myhousesetup.com, request: "GET /shared/.env.example HTTP/1.1", host: "143.198.212.195"
    2026/07/17 10:35:29 [error] 3307087#3307087: *57876 open() "/var/www/html/shared/.env.sample" failed (2: No such file or directory), client: 81.17.28.130, server: look.myhousesetup.com, request: "GET /shared/.env.sample HTTP/1.1", host: "143.198.212.195"
    2026/07/17 10:35:29 [error] 3307087#3307087: *57876 open() "/var/www/html/shared/.env.dist" failed (2: No such file or directory), client: 81.17.28.130, server: look.myhousesetup.com, request: "GET /shared/.env.dist HTTP/1.1", host: "143.198.212.195"
    2026/07/17 10:35:29 [error] 3307087#3307087: *57876 open() "/var/www/html/shared/.env.bak" failed (2: No such file or directory), client: 81.17.28.130, server: look.myhousesetup.com, request: "GET /shared/.env.bak HTTP/1.1", host: "143.198.212.195"
    2026/07/17 10:35:30 [error] 3307087#3307087: *57876 open() "/var/www/html/shared/.env.backup" failed (2: No such file or directory), client: 81.17.28.130, server: look.myhousesetup.com, request: "GET /shared/.env.backup HTTP/1.1", host: "143.198.212.195"
    2026/07/17 10:35:30 [error] 3307087#3307087: *57876 open() "/var/www/html/shared/.env.old" failed (2: No such file or directory), client: 81.17.28.130, server: look.myhousesetup.com, request: "GET /shared/.env.old HTTP/1.1", host: "143.198.212.195"
    2026/07/17 10:35:30 [error] 3307087#3307087: *57876 open() "/var/www/html/shared/.env.save" failed (2: No such file or directory), client: 81.17.28.130, server: look.myhousesetup.com, request: "GET /shared/.env.save HTTP/1.1", host: "143.198.212.195"
    2026/07/17 10:35:30 [error] 3307087#3307087: *57876 open() "/var/www/html/shared/.env.swp" failed (2: No such file or directory), client: 81.17.28.130, server: look.myhousesetup.com, request: "GET /shared/.env.swp HTTP/1.1", host: "143.198.212.195"
    2026/07/17 12:39:55 [error] 3307087#3307087: *58116 open() "/var/www/html/assets/png/favicon-abe32304.png" failed (2: No such file or directory), client: 139.162.33.108, server: look.myhousesetup.com, request: "GET /assets/png/favicon-abe32304.png HTTP/1.1", host: "143.198.212.195"
    2026/07/17 12:40:04 [error] 3307087#3307087: *58175 open() "/var/www/html/assets/img/favicon.ico" failed (2: No such file or directory), client: 139.162.33.108, server: look.myhousesetup.com, request: "GET /assets/img/favicon.ico HTTP/1.1", host: "143.198.212.195"
[2026-07-18T15:49:22] [SNAPSHOT] nginx error.log tail -20:
    2026/07/18 06:55:49 [error] 3349474#3349474: *63356 open() "/var/www/html/shared/js/' + CFG.legal.policy + '" failed (2: No such file or directory), client: 74.7.227.173, server: my.girl.place, request: "GET /shared/js/'%20+%20CFG.legal.policy%20+%20' HTTP/2.0", host: "my.girl.place", referrer: "https://my.girl.place/shared/js/kg-compliance.js?v=1.0001"
    2026/07/18 06:55:51 [error] 3349474#3349474: *63356 open() "/var/www/html/shared/js/' + CFG.legal.payment + '" failed (2: No such file or directory), client: 74.7.227.173, server: my.girl.place, request: "GET /shared/js/'%20+%20CFG.legal.payment%20+%20' HTTP/2.0", host: "my.girl.place", referrer: "https://my.girl.place/shared/js/kg-compliance.js?v=1.0001"
    2026/07/18 08:33:32 [error] 3349474#3349474: *63412 open() "/var/www/html/shared/js/' + CFG.legal.payment + '" failed (2: No such file or directory), client: 74.7.227.42, server: kaji.kak.si, request: "GET /shared/js/'%20+%20CFG.legal.payment%20+%20' HTTP/2.0", host: "kaji.kak.si", referrer: "https://kaji.kak.si/shared/js/kg-compliance.js?v=1.0001"
    2026/07/18 08:33:33 [error] 3349474#3349474: *63412 open() "/var/www/html/shared/js/' + CFG.legal.policy + '" failed (2: No such file or directory), client: 74.7.227.42, server: kaji.kak.si, request: "GET /shared/js/'%20+%20CFG.legal.policy%20+%20' HTTP/2.0", host: "kaji.kak.si", referrer: "https://kaji.kak.si/shared/js/kg-compliance.js?v=1.0001"
[2026-07-18T17:02:59] [SNAPSHOT] nginx error.log tail -20:
    2026/07/18 06:55:49 [error] 3349474#3349474: *63356 open() "/var/www/html/shared/js/' + CFG.legal.policy + '" failed (2: No such file or directory), client: 74.7.227.173, server: my.girl.place, request: "GET /shared/js/'%20+%20CFG.legal.policy%20+%20' HTTP/2.0", host: "my.girl.place", referrer: "https://my.girl.place/shared/js/kg-compliance.js?v=1.0001"
    2026/07/18 06:55:51 [error] 3349474#3349474: *63356 open() "/var/www/html/shared/js/' + CFG.legal.payment + '" failed (2: No such file or directory), client: 74.7.227.173, server: my.girl.place, request: "GET /shared/js/'%20+%20CFG.legal.payment%20+%20' HTTP/2.0", host: "my.girl.place", referrer: "https://my.girl.place/shared/js/kg-compliance.js?v=1.0001"
    2026/07/18 08:33:32 [error] 3349474#3349474: *63412 open() "/var/www/html/shared/js/' + CFG.legal.payment + '" failed (2: No such file or directory), client: 74.7.227.42, server: kaji.kak.si, request: "GET /shared/js/'%20+%20CFG.legal.payment%20+%20' HTTP/2.0", host: "kaji.kak.si", referrer: "https://kaji.kak.si/shared/js/kg-compliance.js?v=1.0001"
    2026/07/18 08:33:33 [error] 3349474#3349474: *63412 open() "/var/www/html/shared/js/' + CFG.legal.policy + '" failed (2: No such file or directory), client: 74.7.227.42, server: kaji.kak.si, request: "GET /shared/js/'%20+%20CFG.legal.policy%20+%20' HTTP/2.0", host: "kaji.kak.si", referrer: "https://kaji.kak.si/shared/js/kg-compliance.js?v=1.0001"
[2026-07-19T14:33:08] [SNAPSHOT] nginx error.log tail -20:
    2026/07/19 13:20:04 [error] 3398699#3398699: *65231 connect() failed (111: Connection refused) while connecting to upstream, client: 114.119.149.91, server: look.myhousesetup.com, request: "GET /portals/games/ads/ad_battle.html HTTP/1.1", upstream: "http://127.0.0.1:3002/portals/games/ads/ad_battle.html", host: "143.198.212.195", referrer: "https://143.198.212.195/portals/games/"
[2026-07-19T17:37:09] [SNAPSHOT] nginx error.log tail -20:
    2026/07/19 13:20:04 [error] 3398699#3398699: *65231 connect() failed (111: Connection refused) while connecting to upstream, client: 114.119.149.91, server: look.myhousesetup.com, request: "GET /portals/games/ads/ad_battle.html HTTP/1.1", upstream: "http://127.0.0.1:3002/portals/games/ads/ad_battle.html", host: "143.198.212.195", referrer: "https://143.198.212.195/portals/games/"
    2026/07/19 16:05:55 [error] 3429498#3429498: *65569 open() "/var/www/html/.well-known/acme-challenge/1PgXC-eeNBSg7Hjtpuz7RPO9cRy_50892dafvu5GzGo" failed (2: No such file or directory), client: 23.178.112.105, server: take.offbitch.com, request: "GET /.well-known/acme-challenge/1PgXC-eeNBSg7Hjtpuz7RPO9cRy_50892dafvu5GzGo HTTP/1.1", host: "take.offbitch.com"
[2026-07-19T17:43:25] [SNAPSHOT] nginx error.log tail -20:
    2026/07/19 13:20:04 [error] 3398699#3398699: *65231 connect() failed (111: Connection refused) while connecting to upstream, client: 114.119.149.91, server: look.myhousesetup.com, request: "GET /portals/games/ads/ad_battle.html HTTP/1.1", upstream: "http://127.0.0.1:3002/portals/games/ads/ad_battle.html", host: "143.198.212.195", referrer: "https://143.198.212.195/portals/games/"
    2026/07/19 16:05:55 [error] 3429498#3429498: *65569 open() "/var/www/html/.well-known/acme-challenge/1PgXC-eeNBSg7Hjtpuz7RPO9cRy_50892dafvu5GzGo" failed (2: No such file or directory), client: 23.178.112.105, server: take.offbitch.com, request: "GET /.well-known/acme-challenge/1PgXC-eeNBSg7Hjtpuz7RPO9cRy_50892dafvu5GzGo HTTP/1.1", host: "take.offbitch.com"
[2026-07-19T18:23:06] [SNAPSHOT] nginx error.log tail -20:
    2026/07/19 13:20:04 [error] 3398699#3398699: *65231 connect() failed (111: Connection refused) while connecting to upstream, client: 114.119.149.91, server: look.myhousesetup.com, request: "GET /portals/games/ads/ad_battle.html HTTP/1.1", upstream: "http://127.0.0.1:3002/portals/games/ads/ad_battle.html", host: "143.198.212.195", referrer: "https://143.198.212.195/portals/games/"
    2026/07/19 16:05:55 [error] 3429498#3429498: *65569 open() "/var/www/html/.well-known/acme-challenge/1PgXC-eeNBSg7Hjtpuz7RPO9cRy_50892dafvu5GzGo" failed (2: No such file or directory), client: 23.178.112.105, server: take.offbitch.com, request: "GET /.well-known/acme-challenge/1PgXC-eeNBSg7Hjtpuz7RPO9cRy_50892dafvu5GzGo HTTP/1.1", host: "take.offbitch.com"
    2026/07/19 17:46:54 [error] 3444794#3444794: *65704 open() "/var/www/html/.well-known/acme-challenge/bfPncfOP7D9s24lXpn9TEtBa8y-WMntjjSMpQXK9Ds4" failed (2: No such file or directory), client: 23.178.112.106, server: take.offbitch.com, request: "GET /.well-known/acme-challenge/bfPncfOP7D9s24lXpn9TEtBa8y-WMntjjSMpQXK9Ds4 HTTP/1.1", host: "take.offbitch.com"
    2026/07/19 17:53:51 [error] 3445221#3445221: *65705 open() "/var/www/html/.well-known/acme-challenge/wHdzzHjDlcrGOaxDbVgXHNArxFaoDW0WqJNODSawwfs" failed (2: No such file or directory), client: 23.178.112.104, server: look.myhousesetup.com, request: "GET /.well-known/acme-challenge/wHdzzHjDlcrGOaxDbVgXHNArxFaoDW0WqJNODSawwfs HTTP/1.1", host: "look.myhousesetup.com"
    2026/07/19 17:53:56 [error] 3445221#3445221: *65706 open() "/var/www/html/.well-known/acme-challenge/ofBqbFO7IJUXtlWfiDjjK_jUNRcpSElLhtq8dEqF_rU" failed (2: No such file or directory), client: 23.178.112.105, server: my.girl.place, request: "GET /.well-known/acme-challenge/ofBqbFO7IJUXtlWfiDjjK_jUNRcpSElLhtq8dEqF_rU HTTP/1.1", host: "my.girl.place"
    2026/07/19 17:54:00 [error] 3445221#3445221: *65707 open() "/var/www/html/.well-known/acme-challenge/GOlKLS90Vb2DXGzjMNzL4mph6dzMPoNq_FECxF9CoZs" failed (2: No such file or directory), client: 23.178.112.105, server: kaji.kak.si, request: "GET /.well-known/acme-challenge/GOlKLS90Vb2DXGzjMNzL4mph6dzMPoNq_FECxF9CoZs HTTP/1.1", host: "kaji.kak.si"
    2026/07/19 17:54:04 [error] 3445221#3445221: *65708 open() "/var/www/html/.well-known/acme-challenge/1Aq61J9queDtvml-x4nsVqs-zn1dVpHs-VJcJlmjPY0" failed (2: No such file or directory), client: 23.178.112.108, server: selflearning.bot.nu, request: "GET /.well-known/acme-challenge/1Aq61J9queDtvml-x4nsVqs-zn1dVpHs-VJcJlmjPY0 HTTP/1.1", host: "selflearning.bot.nu"
[2026-07-21T13:23:53] [SNAPSHOT] nginx error.log tail -20:
    2026/07/21 12:38:27 [error] 3518013#3518013: *69988 rewrite or internal redirection cycle while internally redirecting to "/index.html", client: 205.169.39.22, server: pupikes.app, request: "GET /favicon.ico HTTP/2.0", host: "pupikes.app", referrer: "https://pupikes.app/"
    2026/07/21 12:40:49 [error] 3518013#3518013: *69990 rewrite or internal redirection cycle while internally redirecting to "/index.html", client: 5.78.140.151, server: pupikes.app, request: "GET / HTTP/1.1", host: "pupikes.app"
    2026/07/21 12:42:41 [error] 3518013#3518013: *70007 rewrite or internal redirection cycle while internally redirecting to "/index.html", client: 54.196.42.94, server: pupikes.app, request: "GET / HTTP/1.1", host: "pupikes.app"
    2026/07/21 12:42:42 [error] 3518013#3518013: *70008 rewrite or internal redirection cycle while internally redirecting to "/index.html", client: 54.196.42.94, server: pupikes.app, request: "GET / HTTP/1.1", host: "pupikes.app", referrer: "https://pupikes.com/"
    2026/07/21 12:42:44 [error] 3518013#3518013: *70012 rewrite or internal redirection cycle while internally redirecting to "/index.html", client: 54.196.42.94, server: pupikes.app, request: "GET / HTTP/2.0", host: "pupikes.app"
    2026/07/21 12:42:46 [error] 3518013#3518013: *70015 rewrite or internal redirection cycle while internally redirecting to "/index.html", client: 54.196.42.94, server: pupikes.app, request: "HEAD /favicon.ico HTTP/1.1", host: "pupikes.app", referrer: "https://pupikes.com/favicon.ico"
    2026/07/21 12:50:05 [error] 3518013#3518013: *70019 rewrite or internal redirection cycle while internally redirecting to "/index.html", client: 185.53.231.224, server: www.pupikes.app, request: "GET / HTTP/2.0", host: "www.pupikes.app"
    2026/07/21 12:50:05 [error] 3518013#3518013: *70019 rewrite or internal redirection cycle while internally redirecting to "/index.html", client: 185.53.231.224, server: www.pupikes.app, request: "GET /favicon.ico HTTP/2.0", host: "www.pupikes.app", referrer: "https://www.pupikes.app/"
    2026/07/21 12:50:10 [error] 3518013#3518013: *70019 rewrite or internal redirection cycle while internally redirecting to "/index.html", client: 185.53.231.224, server: www.pupikes.app, request: "GET / HTTP/2.0", host: "www.pupikes.app"
    2026/07/21 12:50:39 [error] 3518013#3518013: *70029 rewrite or internal redirection cycle while internally redirecting to "/index.html", client: 185.53.231.224, server: pupikes.app, request: "GET /api/hlb/me HTTP/2.0", host: "pupikes.app", referrer: "https://www.pupikes.com/"
    2026/07/21 12:53:33 [error] 3518013#3518013: *70039 rewrite or internal redirection cycle while internally redirecting to "/index.html", client: 34.83.255.153, server: pupikes.app, request: "GET / HTTP/2.0", host: "pupikes.app", referrer: "http://pupikes.app"
    2026/07/21 12:56:51 [error] 3518013#3518013: *70047 rewrite or internal redirection cycle while internally redirecting to "/index.html", client: 34.77.119.42, server: pupikes.app, request: "GET / HTTP/2.0", host: "pupikes.app", referrer: "https://pupikes.com/"
    2026/07/21 12:58:39 [error] 3518013#3518013: *70050 rewrite or internal redirection cycle while internally redirecting to "/index.html", client: 18.234.93.175, server: pupikes.app, request: "GET / HTTP/2.0", host: "pupikes.app"
    2026/07/21 12:58:39 [error] 3518013#3518013: *70050 rewrite or internal redirection cycle while internally redirecting to "/index.html", client: 18.234.93.175, server: pupikes.app, request: "GET /favicon.ico HTTP/2.0", host: "pupikes.app"
    2026/07/21 12:58:39 [error] 3518013#3518013: *70050 rewrite or internal redirection cycle while internally redirecting to "/index.html", client: 18.234.93.175, server: pupikes.app, request: "GET /favicon.png HTTP/2.0", host: "pupikes.app"
    2026/07/21 13:08:34 [error] 3518013#3518013: *70052 rewrite or internal redirection cycle while internally redirecting to "/index.html", client: 178.156.249.178, server: pupikes.app, request: "HEAD / HTTP/2.0", host: "pupikes.app"
    2026/07/21 13:08:35 [error] 3518013#3518013: *70052 rewrite or internal redirection cycle while internally redirecting to "/index.html", client: 178.156.249.178, server: pupikes.app, request: "GET / HTTP/2.0", host: "pupikes.app"
    2026/07/21 13:11:58 [error] 3518013#3518013: *70060 rewrite or internal redirection cycle while internally redirecting to "/index.html", client: 185.53.231.224, server: www.pupikes.app, request: "HEAD / HTTP/1.1", host: "www.pupikes.app"
    2026/07/21 13:11:59 [error] 3518013#3518013: *70061 rewrite or internal redirection cycle while internally redirecting to "/index.html", client: 185.53.231.224, server: pupikes.app, request: "HEAD / HTTP/1.1", host: "pupikes.app"
    2026/07/21 13:23:53 [error] 3525322#3525322: *70065 rewrite or internal redirection cycle while internally redirecting to "/index.html", client: 43.165.167.72, server: pupikes.app, request: "GET / HTTP/1.1", host: "pupikes.app", referrer: "http://pupikes.app"
[2026-07-21T14:01:30] [SNAPSHOT] nginx error.log tail -20:
    2026/07/21 13:11:58 [error] 3518013#3518013: *70060 rewrite or internal redirection cycle while internally redirecting to "/index.html", client: 185.53.231.224, server: www.pupikes.app, request: "HEAD / HTTP/1.1", host: "www.pupikes.app"
    2026/07/21 13:11:59 [error] 3518013#3518013: *70061 rewrite or internal redirection cycle while internally redirecting to "/index.html", client: 185.53.231.224, server: pupikes.app, request: "HEAD / HTTP/1.1", host: "pupikes.app"
    2026/07/21 13:23:53 [error] 3525322#3525322: *70065 rewrite or internal redirection cycle while internally redirecting to "/index.html", client: 43.165.167.72, server: pupikes.app, request: "GET / HTTP/1.1", host: "pupikes.app", referrer: "http://pupikes.app"
    2026/07/21 13:26:16 [error] 3529217#3529217: *70073 rewrite or internal redirection cycle while internally redirecting to "/index.html", client: 54.213.249.200, server: pupikes.app, request: "GET / HTTP/2.0", host: "pupikes.app"
    2026/07/21 13:26:17 [error] 3529217#3529217: *70073 rewrite or internal redirection cycle while internally redirecting to "/index.html", client: 54.213.249.200, server: pupikes.app, request: "GET /favicon.ico HTTP/2.0", host: "pupikes.app", referrer: "https://pupikes.app/"
    2026/07/21 13:26:21 [error] 3529217#3529217: *70075 rewrite or internal redirection cycle while internally redirecting to "/index.html", client: 54.213.249.200, server: pupikes.app, request: "GET / HTTP/2.0", host: "pupikes.app"
    2026/07/21 13:26:21 [error] 3529217#3529217: *70075 rewrite or internal redirection cycle while internally redirecting to "/index.html", client: 54.213.249.200, server: pupikes.app, request: "GET /favicon.ico HTTP/2.0", host: "pupikes.app", referrer: "https://pupikes.app/"
    2026/07/21 13:31:10 [error] 3529771#3529771: *70086 directory index of "/var/www/html/apk/" is forbidden, client: 45.45.237.8, server: pupikes.app, request: "GET / HTTP/1.1", host: "pupikes.app", referrer: "https://pupikes.com/"
    2026/07/21 13:35:12 [error] 3529771#3529771: *70090 directory index of "/var/www/html/apk/" is forbidden, client: 5.253.247.27, server: pupikes.app, request: "GET / HTTP/1.1", host: "pupikes.app"
    2026/07/21 13:35:17 [error] 3529771#3529771: *70091 directory index of "/var/www/html/apk/" is forbidden, client: 185.129.61.9, server: pupikes.app, request: "GET / HTTP/1.1", host: "pupikes.app"
    2026/07/21 13:39:25 [error] 3529771#3529771: *70100 open() "/var/www/html/.well-known/acme-challenge/K_NZMvM_lGBna4nlgY-fqpj3IhiidA23_Od0bSsu1j0" failed (2: No such file or directory), client: 23.178.112.108, server: look.myhousesetup.com, request: "GET /.well-known/acme-challenge/K_NZMvM_lGBna4nlgY-fqpj3IhiidA23_Od0bSsu1j0 HTTP/1.1", host: "look.myhousesetup.com"
    2026/07/21 13:39:30 [error] 3529771#3529771: *70101 open() "/var/www/html/.well-known/acme-challenge/ZQtxFZH1OHlmoS0JFc0-SYpvkRAUGZjKh5FuRCivQPw" failed (2: No such file or directory), client: 23.178.112.107, server: my.girl.place, request: "GET /.well-known/acme-challenge/ZQtxFZH1OHlmoS0JFc0-SYpvkRAUGZjKh5FuRCivQPw HTTP/1.1", host: "my.girl.place"
    2026/07/21 13:39:34 [error] 3529771#3529771: *70102 open() "/var/www/html/.well-known/acme-challenge/ey6g3_hL7jnuoMvw4xwYYUnKfoPw1g8tUbJXf8es5xI" failed (2: No such file or directory), client: 23.178.112.105, server: kaji.kak.si, request: "GET /.well-known/acme-challenge/ey6g3_hL7jnuoMvw4xwYYUnKfoPw1g8tUbJXf8es5xI HTTP/1.1", host: "kaji.kak.si"
    2026/07/21 13:39:38 [error] 3529771#3529771: *70103 open() "/var/www/html/.well-known/acme-challenge/CBjGujArrAkulM86kVofvCY50c5x5u7fcKiREp8Vcvw" failed (2: No such file or directory), client: 23.178.112.107, server: selflearning.bot.nu, request: "GET /.well-known/acme-challenge/CBjGujArrAkulM86kVofvCY50c5x5u7fcKiREp8Vcvw HTTP/1.1", host: "selflearning.bot.nu"
    2026/07/21 13:41:46 [error] 3529771#3529771: *70110 directory index of "/var/www/html/apk/" is forbidden, client: 185.53.231.224, server: pupikes.app, request: "GET / HTTP/2.0", host: "pupikes.app"
    2026/07/21 13:42:19 [error] 3529771#3529771: *70110 directory index of "/var/www/html/apk/" is forbidden, client: 185.53.231.224, server: pupikes.app, request: "GET / HTTP/2.0", host: "pupikes.app"
    2026/07/21 13:43:41 [error] 3529771#3529771: *70115 directory index of "/var/www/html/apk/" is forbidden, client: 185.53.231.224, server: pupikes.app, request: "GET / HTTP/1.1", host: "pupikes.app"
    2026/07/21 13:47:28 [error] 3529771#3529771: *70121 directory index of "/var/www/html/apk/" is forbidden, client: 193.70.113.250, server: pupikes.app, request: "GET / HTTP/1.1", host: "pupikes.app"
    2026/07/21 13:48:25 [error] 3529771#3529771: *70128 directory index of "/var/www/html/apk/" is forbidden, client: 34.254.175.216, server: pupikes.app, request: "GET / HTTP/1.1", host: "pupikes.app"
    2026/07/21 13:49:27 [error] 3529771#3529771: *70130 directory index of "/var/www/html/apk/" is forbidden, client: 185.53.231.224, server: pupikes.app, request: "GET / HTTP/2.0", host: "pupikes.app"
[2026-07-21T15:34:52] [SNAPSHOT] nginx error.log tail -20:
    2026/07/21 13:11:58 [error] 3518013#3518013: *70060 rewrite or internal redirection cycle while internally redirecting to "/index.html", client: 185.53.231.224, server: www.pupikes.app, request: "HEAD / HTTP/1.1", host: "www.pupikes.app"
    2026/07/21 13:11:59 [error] 3518013#3518013: *70061 rewrite or internal redirection cycle while internally redirecting to "/index.html", client: 185.53.231.224, server: pupikes.app, request: "HEAD / HTTP/1.1", host: "pupikes.app"
    2026/07/21 13:23:53 [error] 3525322#3525322: *70065 rewrite or internal redirection cycle while internally redirecting to "/index.html", client: 43.165.167.72, server: pupikes.app, request: "GET / HTTP/1.1", host: "pupikes.app", referrer: "http://pupikes.app"
    2026/07/21 13:26:16 [error] 3529217#3529217: *70073 rewrite or internal redirection cycle while internally redirecting to "/index.html", client: 54.213.249.200, server: pupikes.app, request: "GET / HTTP/2.0", host: "pupikes.app"
    2026/07/21 13:26:17 [error] 3529217#3529217: *70073 rewrite or internal redirection cycle while internally redirecting to "/index.html", client: 54.213.249.200, server: pupikes.app, request: "GET /favicon.ico HTTP/2.0", host: "pupikes.app", referrer: "https://pupikes.app/"
    2026/07/21 13:26:21 [error] 3529217#3529217: *70075 rewrite or internal redirection cycle while internally redirecting to "/index.html", client: 54.213.249.200, server: pupikes.app, request: "GET / HTTP/2.0", host: "pupikes.app"
    2026/07/21 13:26:21 [error] 3529217#3529217: *70075 rewrite or internal redirection cycle while internally redirecting to "/index.html", client: 54.213.249.200, server: pupikes.app, request: "GET /favicon.ico HTTP/2.0", host: "pupikes.app", referrer: "https://pupikes.app/"
    2026/07/21 13:31:10 [error] 3529771#3529771: *70086 directory index of "/var/www/html/apk/" is forbidden, client: 45.45.237.8, server: pupikes.app, request: "GET / HTTP/1.1", host: "pupikes.app", referrer: "https://pupikes.com/"
    2026/07/21 13:35:12 [error] 3529771#3529771: *70090 directory index of "/var/www/html/apk/" is forbidden, client: 5.253.247.27, server: pupikes.app, request: "GET / HTTP/1.1", host: "pupikes.app"
    2026/07/21 13:35:17 [error] 3529771#3529771: *70091 directory index of "/var/www/html/apk/" is forbidden, client: 185.129.61.9, server: pupikes.app, request: "GET / HTTP/1.1", host: "pupikes.app"
    2026/07/21 13:39:25 [error] 3529771#3529771: *70100 open() "/var/www/html/.well-known/acme-challenge/K_NZMvM_lGBna4nlgY-fqpj3IhiidA23_Od0bSsu1j0" failed (2: No such file or directory), client: 23.178.112.108, server: look.myhousesetup.com, request: "GET /.well-known/acme-challenge/K_NZMvM_lGBna4nlgY-fqpj3IhiidA23_Od0bSsu1j0 HTTP/1.1", host: "look.myhousesetup.com"
    2026/07/21 13:39:30 [error] 3529771#3529771: *70101 open() "/var/www/html/.well-known/acme-challenge/ZQtxFZH1OHlmoS0JFc0-SYpvkRAUGZjKh5FuRCivQPw" failed (2: No such file or directory), client: 23.178.112.107, server: my.girl.place, request: "GET /.well-known/acme-challenge/ZQtxFZH1OHlmoS0JFc0-SYpvkRAUGZjKh5FuRCivQPw HTTP/1.1", host: "my.girl.place"
    2026/07/21 13:39:34 [error] 3529771#3529771: *70102 open() "/var/www/html/.well-known/acme-challenge/ey6g3_hL7jnuoMvw4xwYYUnKfoPw1g8tUbJXf8es5xI" failed (2: No such file or directory), client: 23.178.112.105, server: kaji.kak.si, request: "GET /.well-known/acme-challenge/ey6g3_hL7jnuoMvw4xwYYUnKfoPw1g8tUbJXf8es5xI HTTP/1.1", host: "kaji.kak.si"
    2026/07/21 13:39:38 [error] 3529771#3529771: *70103 open() "/var/www/html/.well-known/acme-challenge/CBjGujArrAkulM86kVofvCY50c5x5u7fcKiREp8Vcvw" failed (2: No such file or directory), client: 23.178.112.107, server: selflearning.bot.nu, request: "GET /.well-known/acme-challenge/CBjGujArrAkulM86kVofvCY50c5x5u7fcKiREp8Vcvw HTTP/1.1", host: "selflearning.bot.nu"
    2026/07/21 13:41:46 [error] 3529771#3529771: *70110 directory index of "/var/www/html/apk/" is forbidden, client: 185.53.231.224, server: pupikes.app, request: "GET / HTTP/2.0", host: "pupikes.app"
    2026/07/21 13:42:19 [error] 3529771#3529771: *70110 directory index of "/var/www/html/apk/" is forbidden, client: 185.53.231.224, server: pupikes.app, request: "GET / HTTP/2.0", host: "pupikes.app"
    2026/07/21 13:43:41 [error] 3529771#3529771: *70115 directory index of "/var/www/html/apk/" is forbidden, client: 185.53.231.224, server: pupikes.app, request: "GET / HTTP/1.1", host: "pupikes.app"
    2026/07/21 13:47:28 [error] 3529771#3529771: *70121 directory index of "/var/www/html/apk/" is forbidden, client: 193.70.113.250, server: pupikes.app, request: "GET / HTTP/1.1", host: "pupikes.app"
    2026/07/21 13:48:25 [error] 3529771#3529771: *70128 directory index of "/var/www/html/apk/" is forbidden, client: 34.254.175.216, server: pupikes.app, request: "GET / HTTP/1.1", host: "pupikes.app"
    2026/07/21 13:49:27 [error] 3529771#3529771: *70130 directory index of "/var/www/html/apk/" is forbidden, client: 185.53.231.224, server: pupikes.app, request: "GET / HTTP/2.0", host: "pupikes.app"
[2026-07-21T17:50:28] [SNAPSHOT] nginx error.log tail -20:
    2026/07/21 13:35:12 [error] 3529771#3529771: *70090 directory index of "/var/www/html/apk/" is forbidden, client: 5.253.247.27, server: pupikes.app, request: "GET / HTTP/1.1", host: "pupikes.app"
    2026/07/21 13:35:17 [error] 3529771#3529771: *70091 directory index of "/var/www/html/apk/" is forbidden, client: 185.129.61.9, server: pupikes.app, request: "GET / HTTP/1.1", host: "pupikes.app"
    2026/07/21 13:39:25 [error] 3529771#3529771: *70100 open() "/var/www/html/.well-known/acme-challenge/K_NZMvM_lGBna4nlgY-fqpj3IhiidA23_Od0bSsu1j0" failed (2: No such file or directory), client: 23.178.112.108, server: look.myhousesetup.com, request: "GET /.well-known/acme-challenge/K_NZMvM_lGBna4nlgY-fqpj3IhiidA23_Od0bSsu1j0 HTTP/1.1", host: "look.myhousesetup.com"
    2026/07/21 13:39:30 [error] 3529771#3529771: *70101 open() "/var/www/html/.well-known/acme-challenge/ZQtxFZH1OHlmoS0JFc0-SYpvkRAUGZjKh5FuRCivQPw" failed (2: No such file or directory), client: 23.178.112.107, server: my.girl.place, request: "GET /.well-known/acme-challenge/ZQtxFZH1OHlmoS0JFc0-SYpvkRAUGZjKh5FuRCivQPw HTTP/1.1", host: "my.girl.place"
    2026/07/21 13:39:34 [error] 3529771#3529771: *70102 open() "/var/www/html/.well-known/acme-challenge/ey6g3_hL7jnuoMvw4xwYYUnKfoPw1g8tUbJXf8es5xI" failed (2: No such file or directory), client: 23.178.112.105, server: kaji.kak.si, request: "GET /.well-known/acme-challenge/ey6g3_hL7jnuoMvw4xwYYUnKfoPw1g8tUbJXf8es5xI HTTP/1.1", host: "kaji.kak.si"
    2026/07/21 13:39:38 [error] 3529771#3529771: *70103 open() "/var/www/html/.well-known/acme-challenge/CBjGujArrAkulM86kVofvCY50c5x5u7fcKiREp8Vcvw" failed (2: No such file or directory), client: 23.178.112.107, server: selflearning.bot.nu, request: "GET /.well-known/acme-challenge/CBjGujArrAkulM86kVofvCY50c5x5u7fcKiREp8Vcvw HTTP/1.1", host: "selflearning.bot.nu"
    2026/07/21 13:41:46 [error] 3529771#3529771: *70110 directory index of "/var/www/html/apk/" is forbidden, client: 185.53.231.224, server: pupikes.app, request: "GET / HTTP/2.0", host: "pupikes.app"
    2026/07/21 13:42:19 [error] 3529771#3529771: *70110 directory index of "/var/www/html/apk/" is forbidden, client: 185.53.231.224, server: pupikes.app, request: "GET / HTTP/2.0", host: "pupikes.app"
    2026/07/21 13:43:41 [error] 3529771#3529771: *70115 directory index of "/var/www/html/apk/" is forbidden, client: 185.53.231.224, server: pupikes.app, request: "GET / HTTP/1.1", host: "pupikes.app"
    2026/07/21 13:47:28 [error] 3529771#3529771: *70121 directory index of "/var/www/html/apk/" is forbidden, client: 193.70.113.250, server: pupikes.app, request: "GET / HTTP/1.1", host: "pupikes.app"
    2026/07/21 13:48:25 [error] 3529771#3529771: *70128 directory index of "/var/www/html/apk/" is forbidden, client: 34.254.175.216, server: pupikes.app, request: "GET / HTTP/1.1", host: "pupikes.app"
    2026/07/21 13:49:27 [error] 3529771#3529771: *70130 directory index of "/var/www/html/apk/" is forbidden, client: 185.53.231.224, server: pupikes.app, request: "GET / HTTP/2.0", host: "pupikes.app"
    2026/07/21 15:39:40 [error] 3544496#3544496: *70293 open() "/var/www/html/.well-known/acme-challenge/0B4CLbamXxP-Tb4j3A6tjP81FzGX4u_smwCVj-XP1pc" failed (2: No such file or directory), client: 23.178.112.108, server: take.offbitch.com, request: "GET /.well-known/acme-challenge/0B4CLbamXxP-Tb4j3A6tjP81FzGX4u_smwCVj-XP1pc HTTP/1.1", host: "take.offbitch.com"
    2026/07/21 15:41:02 [error] 3544496#3544496: *70296 directory index of "/var/www/html/apk/" is forbidden, client: 185.53.231.224, server: pupikes.app, request: "GET / HTTP/2.0", host: "pupikes.app"
    2026/07/21 15:41:27 [error] 3544496#3544496: *70296 directory index of "/var/www/html/apk/" is forbidden, client: 185.53.231.224, server: pupikes.app, request: "GET / HTTP/2.0", host: "pupikes.app"
    2026/07/21 15:41:35 [error] 3544496#3544496: *70302 directory index of "/var/www/html/apk/" is forbidden, client: 185.53.231.224, server: pupikes.app, request: "GET / HTTP/1.1", host: "pupikes.app"
    2026/07/21 15:50:17 [error] 3544496#3544496: *70311 directory index of "/var/www/html/apk/" is forbidden, client: 35.89.226.184, server: www.pupikes.app, request: "GET / HTTP/1.1", host: "www.pupikes.app", referrer: "http://www.pupikes.app"
    2026/07/21 15:50:18 [error] 3544496#3544496: *70313 directory index of "/var/www/html/apk/" is forbidden, client: 35.89.226.184, server: www.pupikes.app, request: "GET / HTTP/1.1", host: "www.pupikes.app", referrer: "http://www.pupikes.app"
    2026/07/21 15:57:47 [error] 3544496#3544496: *70315 directory index of "/var/www/html/apk/" is forbidden, client: 54.190.17.28, server: pupikes.app, request: "GET / HTTP/2.0", host: "pupikes.app"
    2026/07/21 15:57:51 [error] 3544496#3544496: *70317 directory index of "/var/www/html/apk/" is forbidden, client: 54.190.17.28, server: pupikes.app, request: "GET / HTTP/2.0", host: "pupikes.app"


═══════════════════════════════════════════════════
  wnb-errors.log
═══════════════════════════════════════════════════
    Jul 18 17:04:52 ams-chat systemd[1]: Stopped kcy-wnb.service - KCY WhereNoBiz Backend (самостоятелно приложение).
    Jul 18 17:04:52 ams-chat systemd[1]: Starting kcy-wnb.service - KCY WhereNoBiz Backend (самостоятелно приложение)...
    Jul 18 17:04:52 ams-chat systemd[1]: Started kcy-wnb.service - KCY WhereNoBiz Backend (самостоятелно приложение).
    Jul 18 17:04:53 ams-chat kcy-wnb[3394663]: Warning: connect.session() MemoryStore is not
    Jul 18 17:04:53 ams-chat kcy-wnb[3394663]: designed for a production environment, as it will leak
    Jul 18 17:04:53 ams-chat kcy-wnb[3394663]: memory, and will not scale past a single process.
    Jul 18 17:04:53 ams-chat kcy-wnb[3394663]: ⚠️  WNB applySchema пропуснат: must be owner of table users
    Jul 18 17:04:53 ams-chat kcy-wnb[3394663]: ✅ WNB страни заредени
    Jul 18 17:04:53 ams-chat kcy-wnb[3394663]: 🌍 WhereNoBiz на http://localhost:3011
    Jul 18 17:04:53 ams-chat kcy-wnb[3394663]:    Public: /var/www/html/WhereNoBiz
    Jul 18 17:04:53 ams-chat kcy-wnb[3394663]:    DB: wherenobiz @ localhost
[2026-07-19T14:33:08] [SNAPSHOT] journalctl -u kcy-wnb -n 20:
    Jul 18 17:03:51 ams-chat kcy-wnb[3393433]: designed for a production environment, as it will leak
    Jul 18 17:03:51 ams-chat kcy-wnb[3393433]: memory, and will not scale past a single process.
    Jul 18 17:03:51 ams-chat kcy-wnb[3393433]: ⚠️  WNB applySchema пропуснат: must be owner of table users
    Jul 18 17:03:51 ams-chat kcy-wnb[3393433]: ✅ WNB страни заредени
    Jul 18 17:03:51 ams-chat kcy-wnb[3393433]: 🌍 WhereNoBiz на http://localhost:3011
    Jul 18 17:03:51 ams-chat kcy-wnb[3393433]:    Public: /var/www/html/WhereNoBiz
    Jul 18 17:03:51 ams-chat kcy-wnb[3393433]:    DB: wherenobiz @ localhost
    Jul 18 17:04:52 ams-chat systemd[1]: Stopping kcy-wnb.service - KCY WhereNoBiz Backend (самостоятелно приложение)...
    Jul 18 17:04:52 ams-chat systemd[1]: kcy-wnb.service: Deactivated successfully.
    Jul 18 17:04:52 ams-chat systemd[1]: Stopped kcy-wnb.service - KCY WhereNoBiz Backend (самостоятелно приложение).
    Jul 18 17:04:52 ams-chat systemd[1]: Starting kcy-wnb.service - KCY WhereNoBiz Backend (самостоятелно приложение)...
    Jul 18 17:04:52 ams-chat systemd[1]: Started kcy-wnb.service - KCY WhereNoBiz Backend (самостоятелно приложение).
    Jul 18 17:04:53 ams-chat kcy-wnb[3394663]: Warning: connect.session() MemoryStore is not
    Jul 18 17:04:53 ams-chat kcy-wnb[3394663]: designed for a production environment, as it will leak
    Jul 18 17:04:53 ams-chat kcy-wnb[3394663]: memory, and will not scale past a single process.
    Jul 18 17:04:53 ams-chat kcy-wnb[3394663]: ⚠️  WNB applySchema пропуснат: must be owner of table users
    Jul 18 17:04:53 ams-chat kcy-wnb[3394663]: ✅ WNB страни заредени
    Jul 18 17:04:53 ams-chat kcy-wnb[3394663]: 🌍 WhereNoBiz на http://localhost:3011
    Jul 18 17:04:53 ams-chat kcy-wnb[3394663]:    Public: /var/www/html/WhereNoBiz
    Jul 18 17:04:53 ams-chat kcy-wnb[3394663]:    DB: wherenobiz @ localhost
[2026-07-19T17:37:09] [SNAPSHOT] journalctl -u kcy-wnb -n 20:
    Jul 19 14:33:53 ams-chat kcy-wnb[3427347]: designed for a production environment, as it will leak
    Jul 19 14:33:53 ams-chat kcy-wnb[3427347]: memory, and will not scale past a single process.
    Jul 19 14:33:53 ams-chat kcy-wnb[3427347]: ⚠️  WNB applySchema пропуснат: must be owner of table users
    Jul 19 14:33:53 ams-chat kcy-wnb[3427347]: ✅ WNB страни заредени
    Jul 19 14:33:53 ams-chat kcy-wnb[3427347]: 🌍 WhereNoBiz на http://localhost:3011
    Jul 19 14:33:53 ams-chat kcy-wnb[3427347]:    Public: /var/www/html/WhereNoBiz
    Jul 19 14:33:53 ams-chat kcy-wnb[3427347]:    DB: wherenobiz @ localhost
    Jul 19 14:34:30 ams-chat systemd[1]: Stopping kcy-wnb.service - KCY WhereNoBiz Backend (самостоятелно приложение)...
    Jul 19 14:34:30 ams-chat systemd[1]: kcy-wnb.service: Deactivated successfully.
    Jul 19 14:34:30 ams-chat systemd[1]: Stopped kcy-wnb.service - KCY WhereNoBiz Backend (самостоятелно приложение).
    Jul 19 14:34:30 ams-chat systemd[1]: Starting kcy-wnb.service - KCY WhereNoBiz Backend (самостоятелно приложение)...
    Jul 19 14:34:30 ams-chat systemd[1]: Started kcy-wnb.service - KCY WhereNoBiz Backend (самостоятелно приложение).
    Jul 19 14:34:31 ams-chat kcy-wnb[3428584]: Warning: connect.session() MemoryStore is not
    Jul 19 14:34:31 ams-chat kcy-wnb[3428584]: designed for a production environment, as it will leak
    Jul 19 14:34:31 ams-chat kcy-wnb[3428584]: memory, and will not scale past a single process.
    Jul 19 14:34:31 ams-chat kcy-wnb[3428584]: ⚠️  WNB applySchema пропуснат: must be owner of table users
    Jul 19 14:34:31 ams-chat kcy-wnb[3428584]: ✅ WNB страни заредени
    Jul 19 14:34:31 ams-chat kcy-wnb[3428584]: 🌍 WhereNoBiz на http://localhost:3011
    Jul 19 14:34:31 ams-chat kcy-wnb[3428584]:    Public: /var/www/html/WhereNoBiz
    Jul 19 14:34:31 ams-chat kcy-wnb[3428584]:    DB: wherenobiz @ localhost
[2026-07-19T17:43:25] [SNAPSHOT] journalctl -u kcy-wnb -n 20:
    Jul 19 17:37:55 ams-chat kcy-wnb[3437019]: designed for a production environment, as it will leak
    Jul 19 17:37:55 ams-chat kcy-wnb[3437019]: memory, and will not scale past a single process.
    Jul 19 17:37:56 ams-chat kcy-wnb[3437019]: ⚠️  WNB applySchema пропуснат: must be owner of table users
    Jul 19 17:37:56 ams-chat kcy-wnb[3437019]: ✅ WNB страни заредени
    Jul 19 17:37:56 ams-chat kcy-wnb[3437019]: 🌍 WhereNoBiz на http://localhost:3011
    Jul 19 17:37:56 ams-chat kcy-wnb[3437019]:    Public: /var/www/html/WhereNoBiz
    Jul 19 17:37:56 ams-chat kcy-wnb[3437019]:    DB: wherenobiz @ localhost
    Jul 19 17:38:31 ams-chat systemd[1]: Stopping kcy-wnb.service - KCY WhereNoBiz Backend (самостоятелно приложение)...
    Jul 19 17:38:31 ams-chat systemd[1]: kcy-wnb.service: Deactivated successfully.
    Jul 19 17:38:31 ams-chat systemd[1]: Stopped kcy-wnb.service - KCY WhereNoBiz Backend (самостоятелно приложение).
    Jul 19 17:38:31 ams-chat systemd[1]: Starting kcy-wnb.service - KCY WhereNoBiz Backend (самостоятелно приложение)...
    Jul 19 17:38:31 ams-chat systemd[1]: Started kcy-wnb.service - KCY WhereNoBiz Backend (самостоятелно приложение).
    Jul 19 17:38:32 ams-chat kcy-wnb[3438229]: Warning: connect.session() MemoryStore is not
    Jul 19 17:38:32 ams-chat kcy-wnb[3438229]: designed for a production environment, as it will leak
    Jul 19 17:38:32 ams-chat kcy-wnb[3438229]: memory, and will not scale past a single process.
    Jul 19 17:38:32 ams-chat kcy-wnb[3438229]: ⚠️  WNB applySchema пропуснат: must be owner of table users
    Jul 19 17:38:32 ams-chat kcy-wnb[3438229]: ✅ WNB страни заредени
    Jul 19 17:38:32 ams-chat kcy-wnb[3438229]: 🌍 WhereNoBiz на http://localhost:3011
    Jul 19 17:38:32 ams-chat kcy-wnb[3438229]:    Public: /var/www/html/WhereNoBiz
    Jul 19 17:38:32 ams-chat kcy-wnb[3438229]:    DB: wherenobiz @ localhost
[2026-07-19T18:23:06] [SNAPSHOT] journalctl -u kcy-wnb -n 20:
    Jul 19 17:44:08 ams-chat kcy-wnb[3442617]: designed for a production environment, as it will leak
    Jul 19 17:44:08 ams-chat kcy-wnb[3442617]: memory, and will not scale past a single process.
    Jul 19 17:44:09 ams-chat kcy-wnb[3442617]: ⚠️  WNB applySchema пропуснат: must be owner of table users
    Jul 19 17:44:09 ams-chat kcy-wnb[3442617]: ✅ WNB страни заредени
    Jul 19 17:44:09 ams-chat kcy-wnb[3442617]: 🌍 WhereNoBiz на http://localhost:3011
    Jul 19 17:44:09 ams-chat kcy-wnb[3442617]:    Public: /var/www/html/WhereNoBiz
    Jul 19 17:44:09 ams-chat kcy-wnb[3442617]:    DB: wherenobiz @ localhost
    Jul 19 17:44:43 ams-chat systemd[1]: Stopping kcy-wnb.service - KCY WhereNoBiz Backend (самостоятелно приложение)...
    Jul 19 17:44:43 ams-chat systemd[1]: kcy-wnb.service: Deactivated successfully.
    Jul 19 17:44:43 ams-chat systemd[1]: Stopped kcy-wnb.service - KCY WhereNoBiz Backend (самостоятелно приложение).
    Jul 19 17:44:43 ams-chat systemd[1]: Starting kcy-wnb.service - KCY WhereNoBiz Backend (самостоятелно приложение)...
    Jul 19 17:44:43 ams-chat systemd[1]: Started kcy-wnb.service - KCY WhereNoBiz Backend (самостоятелно приложение).
    Jul 19 17:44:44 ams-chat kcy-wnb[3443854]: Warning: connect.session() MemoryStore is not
    Jul 19 17:44:44 ams-chat kcy-wnb[3443854]: designed for a production environment, as it will leak
    Jul 19 17:44:44 ams-chat kcy-wnb[3443854]: memory, and will not scale past a single process.
    Jul 19 17:44:44 ams-chat kcy-wnb[3443854]: ⚠️  WNB applySchema пропуснат: must be owner of table users
    Jul 19 17:44:44 ams-chat kcy-wnb[3443854]: ✅ WNB страни заредени
    Jul 19 17:44:44 ams-chat kcy-wnb[3443854]: 🌍 WhereNoBiz на http://localhost:3011
    Jul 19 17:44:44 ams-chat kcy-wnb[3443854]:    Public: /var/www/html/WhereNoBiz
    Jul 19 17:44:44 ams-chat kcy-wnb[3443854]:    DB: wherenobiz @ localhost
[2026-07-21T08:17:05] [SNAPSHOT] journalctl -u kcy-wnb -n 20:
    Jul 19 18:23:49 ams-chat kcy-wnb[3449080]: designed for a production environment, as it will leak
    Jul 19 18:23:49 ams-chat kcy-wnb[3449080]: memory, and will not scale past a single process.
    Jul 19 18:23:49 ams-chat kcy-wnb[3449080]: ⚠️  WNB applySchema пропуснат: must be owner of table users
    Jul 19 18:23:50 ams-chat kcy-wnb[3449080]: ✅ WNB страни заредени
    Jul 19 18:23:50 ams-chat kcy-wnb[3449080]: 🌍 WhereNoBiz на http://localhost:3011
    Jul 19 18:23:50 ams-chat kcy-wnb[3449080]:    Public: /var/www/html/WhereNoBiz
    Jul 19 18:23:50 ams-chat kcy-wnb[3449080]:    DB: wherenobiz @ localhost
    Jul 19 18:24:23 ams-chat systemd[1]: Stopping kcy-wnb.service - KCY WhereNoBiz Backend (самостоятелно приложение)...
    Jul 19 18:24:23 ams-chat systemd[1]: kcy-wnb.service: Deactivated successfully.
    Jul 19 18:24:23 ams-chat systemd[1]: Stopped kcy-wnb.service - KCY WhereNoBiz Backend (самостоятелно приложение).
    Jul 19 18:24:23 ams-chat systemd[1]: Starting kcy-wnb.service - KCY WhereNoBiz Backend (самостоятелно приложение)...
    Jul 19 18:24:24 ams-chat systemd[1]: Started kcy-wnb.service - KCY WhereNoBiz Backend (самостоятелно приложение).
    Jul 19 18:24:24 ams-chat kcy-wnb[3450278]: Warning: connect.session() MemoryStore is not
    Jul 19 18:24:24 ams-chat kcy-wnb[3450278]: designed for a production environment, as it will leak
    Jul 19 18:24:24 ams-chat kcy-wnb[3450278]: memory, and will not scale past a single process.
    Jul 19 18:24:24 ams-chat kcy-wnb[3450278]: ⚠️  WNB applySchema пропуснат: must be owner of table users
    Jul 19 18:24:24 ams-chat kcy-wnb[3450278]: ✅ WNB страни заредени
    Jul 19 18:24:24 ams-chat kcy-wnb[3450278]: 🌍 WhereNoBiz на http://localhost:3011
    Jul 19 18:24:24 ams-chat kcy-wnb[3450278]:    Public: /var/www/html/WhereNoBiz
    Jul 19 18:24:24 ams-chat kcy-wnb[3450278]:    DB: wherenobiz @ localhost
[2026-07-21T13:23:53] [SNAPSHOT] journalctl -u kcy-wnb -n 20:
    Jul 21 08:18:01 ams-chat kcy-wnb[3515354]: designed for a production environment, as it will leak
    Jul 21 08:18:01 ams-chat kcy-wnb[3515354]: memory, and will not scale past a single process.
    Jul 21 08:18:01 ams-chat kcy-wnb[3515354]: ⚠️  WNB applySchema пропуснат: must be owner of table users
    Jul 21 08:18:02 ams-chat kcy-wnb[3515354]: ✅ WNB страни заредени
    Jul 21 08:18:02 ams-chat kcy-wnb[3515354]: 🌍 WhereNoBiz на http://localhost:3011
    Jul 21 08:18:02 ams-chat kcy-wnb[3515354]:    Public: /var/www/html/WhereNoBiz
    Jul 21 08:18:02 ams-chat kcy-wnb[3515354]:    DB: wherenobiz @ localhost
    Jul 21 08:18:36 ams-chat systemd[1]: Stopping kcy-wnb.service - KCY WhereNoBiz Backend (самостоятелно приложение)...
    Jul 21 08:18:36 ams-chat systemd[1]: kcy-wnb.service: Deactivated successfully.
    Jul 21 08:18:36 ams-chat systemd[1]: Stopped kcy-wnb.service - KCY WhereNoBiz Backend (самостоятелно приложение).
    Jul 21 08:18:36 ams-chat systemd[1]: Starting kcy-wnb.service - KCY WhereNoBiz Backend (самостоятелно приложение)...
    Jul 21 08:18:36 ams-chat systemd[1]: Started kcy-wnb.service - KCY WhereNoBiz Backend (самостоятелно приложение).
    Jul 21 08:18:37 ams-chat kcy-wnb[3516599]: Warning: connect.session() MemoryStore is not
    Jul 21 08:18:37 ams-chat kcy-wnb[3516599]: designed for a production environment, as it will leak
    Jul 21 08:18:37 ams-chat kcy-wnb[3516599]: memory, and will not scale past a single process.
    Jul 21 08:18:37 ams-chat kcy-wnb[3516599]: ⚠️  WNB applySchema пропуснат: must be owner of table users
    Jul 21 08:18:37 ams-chat kcy-wnb[3516599]: ✅ WNB страни заредени
    Jul 21 08:18:37 ams-chat kcy-wnb[3516599]: 🌍 WhereNoBiz на http://localhost:3011
    Jul 21 08:18:37 ams-chat kcy-wnb[3516599]:    Public: /var/www/html/WhereNoBiz
    Jul 21 08:18:37 ams-chat kcy-wnb[3516599]:    DB: wherenobiz @ localhost
[2026-07-21T14:01:30] [SNAPSHOT] journalctl -u kcy-wnb -n 20:
    Jul 21 13:24:33 ams-chat kcy-wnb[3527117]: designed for a production environment, as it will leak
    Jul 21 13:24:33 ams-chat kcy-wnb[3527117]: memory, and will not scale past a single process.
    Jul 21 13:24:33 ams-chat kcy-wnb[3527117]: ⚠️  WNB applySchema пропуснат: must be owner of table users
    Jul 21 13:24:33 ams-chat kcy-wnb[3527117]: ✅ WNB страни заредени
    Jul 21 13:24:33 ams-chat kcy-wnb[3527117]: 🌍 WhereNoBiz на http://localhost:3011
    Jul 21 13:24:33 ams-chat kcy-wnb[3527117]:    Public: /var/www/html/WhereNoBiz
    Jul 21 13:24:33 ams-chat kcy-wnb[3527117]:    DB: wherenobiz @ localhost
    Jul 21 13:25:06 ams-chat systemd[1]: Stopping kcy-wnb.service - KCY WhereNoBiz Backend (самостоятелно приложение)...
    Jul 21 13:25:06 ams-chat systemd[1]: kcy-wnb.service: Deactivated successfully.
    Jul 21 13:25:06 ams-chat systemd[1]: Stopped kcy-wnb.service - KCY WhereNoBiz Backend (самостоятелно приложение).
    Jul 21 13:25:06 ams-chat systemd[1]: Starting kcy-wnb.service - KCY WhereNoBiz Backend (самостоятелно приложение)...
    Jul 21 13:25:06 ams-chat systemd[1]: Started kcy-wnb.service - KCY WhereNoBiz Backend (самостоятелно приложение).
    Jul 21 13:25:07 ams-chat kcy-wnb[3528303]: Warning: connect.session() MemoryStore is not
    Jul 21 13:25:07 ams-chat kcy-wnb[3528303]: designed for a production environment, as it will leak
    Jul 21 13:25:07 ams-chat kcy-wnb[3528303]: memory, and will not scale past a single process.
    Jul 21 13:25:07 ams-chat kcy-wnb[3528303]: ⚠️  WNB applySchema пропуснат: must be owner of table users
    Jul 21 13:25:07 ams-chat kcy-wnb[3528303]: ✅ WNB страни заредени
    Jul 21 13:25:07 ams-chat kcy-wnb[3528303]: 🌍 WhereNoBiz на http://localhost:3011
    Jul 21 13:25:07 ams-chat kcy-wnb[3528303]:    Public: /var/www/html/WhereNoBiz
    Jul 21 13:25:07 ams-chat kcy-wnb[3528303]:    DB: wherenobiz @ localhost
[2026-07-21T15:34:52] [SNAPSHOT] journalctl -u kcy-wnb -n 20:
    Jul 21 14:02:12 ams-chat kcy-wnb[3533782]: designed for a production environment, as it will leak
    Jul 21 14:02:12 ams-chat kcy-wnb[3533782]: memory, and will not scale past a single process.
    Jul 21 14:02:12 ams-chat kcy-wnb[3533782]: ⚠️  WNB applySchema пропуснат: must be owner of table users
    Jul 21 14:02:12 ams-chat kcy-wnb[3533782]: ✅ WNB страни заредени
    Jul 21 14:02:12 ams-chat kcy-wnb[3533782]: 🌍 WhereNoBiz на http://localhost:3011
    Jul 21 14:02:12 ams-chat kcy-wnb[3533782]:    Public: /var/www/html/WhereNoBiz
    Jul 21 14:02:12 ams-chat kcy-wnb[3533782]:    DB: wherenobiz @ localhost
    Jul 21 14:02:45 ams-chat systemd[1]: Stopping kcy-wnb.service - KCY WhereNoBiz Backend (самостоятелно приложение)...
    Jul 21 14:02:45 ams-chat systemd[1]: kcy-wnb.service: Deactivated successfully.
    Jul 21 14:02:45 ams-chat systemd[1]: Stopped kcy-wnb.service - KCY WhereNoBiz Backend (самостоятелно приложение).
    Jul 21 14:02:45 ams-chat systemd[1]: Starting kcy-wnb.service - KCY WhereNoBiz Backend (самостоятелно приложение)...
